---
source: rs/client-gen-dotnet/tests/generator.rs
expression: code
---
[global::Substrate.NetApi.Attributes.SubstrateNodeType(global::Substrate.NetApi.Model.Types.Metadata.Base.TypeDefEnum.Composite)]
public sealed partial class ThisThatSvcAppTupleStruct : global::Substrate.NetApi.Model.Types.Base.BaseType
{
    public global::Substrate.NetApi.Model.Types.Primitive.Bool Value { get; set; }

    /// <inheritdoc/>
    public override string TypeName() => "ThisThatSvcAppTupleStruct";

    /// <inheritdoc/>
    public override byte[] Encode()
    {
        var result = new List<byte>();
        result.AddRange(Value.Encode());
        return result.ToArray();
    }

    /// <inheritdoc/>
    public override void Decode(byte[] byteArray, ref int p)
    {
        var start = p;
        Value = new global::Substrate.NetApi.Model.Types.Primitive.Bool();
        Value.Decode(byteArray, ref p);
        var bytesLength = p - start;
        this.TypeSize = bytesLength;
        this.Bytes = new byte[bytesLength];
        global::System.Array.Copy(byteArray, start, Bytes, 0, bytesLength);
    }
}

[global::Substrate.NetApi.Attributes.SubstrateNodeType(global::Substrate.NetApi.Model.Types.Metadata.Base.TypeDefEnum.Composite)]
public sealed partial class ThisThatSvcAppDoThatParam : global::Substrate.NetApi.Model.Types.Base.BaseType
{
    public global::Substrate.NetApi.Model.Types.Primitive.U32 P1 { get; set; }
    public global::Substrate.NetApi.Model.Types.Primitive.Str P2 { get; set; }
    public EnumThisThatSvcAppManyVariants P3 { get; set; }

    /// <inheritdoc/>
    public override string TypeName() => "ThisThatSvcAppDoThatParam";

    /// <inheritdoc/>
    public override byte[] Encode()
    {
        var result = new List<byte>();
        result.AddRange(P1.Encode());
        result.AddRange(P2.Encode());
        result.AddRange(P3.Encode());
        return result.ToArray();
    }

    /// <inheritdoc/>
    public override void Decode(byte[] byteArray, ref int p)
    {
        var start = p;
        P1 = new global::Substrate.NetApi.Model.Types.Primitive.U32();
        P1.Decode(byteArray, ref p);
        P2 = new global::Substrate.NetApi.Model.Types.Primitive.Str();
        P2.Decode(byteArray, ref p);
        P3 = new EnumThisThatSvcAppManyVariants();
        P3.Decode(byteArray, ref p);
        var bytesLength = p - start;
        this.TypeSize = bytesLength;
        this.Bytes = new byte[bytesLength];
        global::System.Array.Copy(byteArray, start, Bytes, 0, bytesLength);
    }
}

public enum ThisThatSvcAppManyVariants
{
    One,
    Two,
    Three,
    Four,
    Five,
    Six,
}

public sealed partial class EnumThisThatSvcAppManyVariants : global::Substrate.NetApi.Model.Types.Base.BaseEnumRust<ThisThatSvcAppManyVariants>
{
    public EnumThisThatSvcAppManyVariants()
    {
        this.AddTypeDecoder<global::Substrate.NetApi.Model.Types.Base.BaseVoid>(ThisThatSvcAppManyVariants.One);
        this.AddTypeDecoder<global::Substrate.NetApi.Model.Types.Primitive.U32>(ThisThatSvcAppManyVariants.Two);
        this.AddTypeDecoder<global::Substrate.NetApi.Model.Types.Base.BaseOpt<global::Substrate.NetApi.Model.Types.Primitive.U32>>(ThisThatSvcAppManyVariants.Three);
        this.AddTypeDecoder<global::Substrate.NetApi.Model.Types.Base.BaseTuple<global::Substrate.NetApi.Model.Types.Primitive.U32,global::Substrate.NetApi.Model.Types.Base.BaseOpt<global::Substrate.NetApi.Model.Types.Primitive.U16>>>(ThisThatSvcAppManyVariants.Four);
        this.AddTypeDecoder<global::Substrate.NetApi.Model.Types.Base.BaseTuple<global::Substrate.NetApi.Model.Types.Primitive.Str,global::Substrate.NetApi.Model.Types.Primitive.U32>>(ThisThatSvcAppManyVariants.Five);
        this.AddTypeDecoder<global::Substrate.NetApi.Model.Types.Primitive.U32>(ThisThatSvcAppManyVariants.Six);
    }
}

public enum T
{
    One,
}

public sealed partial class EnumT : global::Substrate.NetApi.Model.Types.Base.BaseEnumRust<T>
{
    public EnumT()
    {
        this.AddTypeDecoder<global::Substrate.NetApi.Model.Types.Base.BaseVoid>(T.One);
    }
}
