---
source: rs/macros/core/tests/gprogram.rs
expression: result
---
impl MyProgram {
    pub fn create() -> Self {
        Default::default()
    }
}
impl sails_rs::meta::ProgramMeta for MyProgram {
    type ConstructorsMeta = meta_in_program::ConstructorsMeta;
    const SERVICES: &'static [(&'static str, sails_rs::meta::AnyServiceMetaFn)] = &[];
    const ASYNC: bool = false;
}
mod meta_in_program {
    use super::*;
    use sails_rs::gstd::InvocationIo;
    #[derive(sails_rs::Decode, sails_rs::TypeInfo)]
    #[codec(crate = sails_rs::scale_codec)]
    #[scale_info(crate = sails_rs::scale_info)]
    pub struct __CreateParams {}
    impl InvocationIo for __CreateParams {
        const ROUTE: &'static [u8] = &[24u8, 67u8, 114u8, 101u8, 97u8, 116u8, 101u8];
        type Params = Self;
        const ASYNC: bool = false;
    }
    #[derive(sails_rs::TypeInfo)]
    #[scale_info(crate = sails_rs::scale_info)]
    pub enum ConstructorsMeta {
        Create(__CreateParams),
    }
}
#[cfg(target_arch = "wasm32")]
pub mod wasm {
    use super::*;
    use sails_rs::{gstd, hex, prelude::*};
    static mut PROGRAM: Option<MyProgram> = None;
    #[unsafe(no_mangle)]
    extern "C" fn init() {
        use gstd::InvocationIo;
        let mut input: &[u8] = &gstd::msg::load_bytes().expect("Failed to read input");
        if let Ok(request) = meta_in_program::__CreateParams::decode_params(input) {
            let program = MyProgram::create();
            unsafe {
                PROGRAM = Some(program);
            }
        } else {
            gstd::unknown_input_panic("Unexpected ctor", input)
        };
    }
    #[unsafe(no_mangle)]
    extern "C" fn handle() {
        if gstd::msg::value() > 0 && gstd::msg::size() == 0 {
            return;
        }
        let mut input = gstd::msg::load_bytes().expect("Failed to read input");
        let program_ref = unsafe { PROGRAM.as_mut() }.expect("Program not initialized");
        { gstd::unknown_input_panic("Unexpected service", &input) };
    }
    #[unsafe(no_mangle)]
    extern "C" fn handle_reply() {
        use sails_rs::meta::ProgramMeta;
        if MyProgram::ASYNC {
            gstd::handle_reply_with_hook();
        }
    }
    #[unsafe(no_mangle)]
    extern "C" fn handle_signal() {
        use sails_rs::meta::ProgramMeta;
        if MyProgram::ASYNC {
            gstd::handle_signal();
        }
    }
}
