---
source: rs/macros/core/tests/gprogram.rs
expression: result
---
impl MyProgram {
    pub fn create() -> Self {
        Self
    }
}
impl sails_rs::meta::ProgramMeta for MyProgram {
    type ConstructorsMeta = meta_in_program::ConstructorsMeta;
    const SERVICES: &'static [(&'static str, sails_rs::meta::AnyServiceMetaFn)] = &[];
}
mod meta_in_program {
    use super::*;
    #[derive(sails_rs::Decode, sails_rs::TypeInfo)]
    #[codec(crate = sails_rs::scale_codec)]
    #[scale_info(crate = sails_rs::scale_info)]
    pub struct __CreateParams {}
    impl sails_rs::gstd::InvocationIo for __CreateParams {
        const ROUTE: &'static [u8] = &[24u8, 67u8, 114u8, 101u8, 97u8, 116u8, 101u8];
        type Params = Self;
    }
    #[derive(sails_rs::TypeInfo)]
    #[scale_info(crate = sails_rs::scale_info)]
    pub enum ConstructorsMeta {
        Create(__CreateParams),
    }
}
#[cfg(target_arch = "wasm32")]
pub mod wasm {
    use super::*;
    use sails_rs::{gstd, hex, prelude::*};
    static mut PROGRAM: Option<MyProgram> = None;
    #[gstd::async_init]
    async fn init() {
        use gstd::InvocationIo;
        let mut input: &[u8] = &gstd::msg::load_bytes().expect("Failed to read input");
        let (program, invocation_route) = if let Ok(request) = meta_in_program::__CreateParams::decode_params(
            input,
        ) {
            let program = MyProgram::create();
            (program, meta_in_program::__CreateParams::ROUTE)
        } else {
            gstd::unknown_input_panic("Unexpected ctor", input)
        };
        unsafe {
            PROGRAM = Some(program);
        }
        gstd::msg::reply_bytes(invocation_route, 0).expect("Failed to send output");
    }
    #[gstd::async_main(handle_signal = my_handle_signal)]
    async fn main() {
        let mut input: &[u8] = &gstd::msg::load_bytes().expect("Failed to read input");
        let program_ref = unsafe { PROGRAM.as_mut() }.expect("Program not initialized");
        let (output, value): (Vec<u8>, ValueUnit) = {
            gstd::unknown_input_panic("Unexpected service", input)
        };
        gstd::msg::reply_bytes(output, value).expect("Failed to send output");
    }
}
