---
source: macros/core/tests/gprogram.rs
assertion_line: 104
expression: result
---
impl MyProgram {}
impl sails::meta::ProgramMeta for MyProgram {
    fn constructors() -> sails::scale_info::MetaType {
        sails::scale_info::MetaType::new::<meta::ConstructorsMeta>()
    }
    fn services() -> impl Iterator<Item = (&'static str, sails::meta::AnyServiceMeta)> {
        [].into_iter()
    }
}
use sails::Decode as __ProgramDecode;
use sails::TypeInfo as __ProgramTypeInfo;
mod meta {
    use super::*;
    #[derive(__ProgramTypeInfo)]
    #[scale_info(crate = sails::scale_info)]
    pub enum ConstructorsMeta {}
}
#[cfg(target_arch = "wasm32")]
pub mod wasm {
    use super::*;
    use sails::{gstd, hex, prelude::*};
    static mut PROGRAM: Option<MyProgram> = None;
    #[no_mangle]
    extern "C" fn init() {
        sails::gstd::events::__enable_events();
        let input = gstd::msg::load_bytes().expect("Failed to read input");
        if !input.is_empty() {
            {
                let mut __input = input;
                let input = String::decode(&mut __input)
                    .unwrap_or_else(|_| {
                        if input.len() <= 8 {
                            format!("0x{}", sails::hex::encode(input))
                        } else {
                            format!(
                                "0x{}..{}", sails::hex::encode(& input[..4]),
                                sails::hex::encode(& input[input.len() - 4..])
                            )
                        }
                    });
                panic!("Unexpected ctor: {}", input)
            }
        }
        unsafe {
            PROGRAM = Some(MyProgram::default());
        }
        gstd::msg::reply_bytes(input, 0).expect("Failed to send output");
    }
    #[gstd::async_main(handle_reply = my_handle_reply, handle_signal = my_handle_signal)]
    async fn main() {
        let mut input: &[u8] = &gstd::msg::load_bytes().expect("Failed to read input");
        let output: Vec<u8> = {
            let mut __input = input;
            let input = String::decode(&mut __input)
                .unwrap_or_else(|_| {
                    if input.len() <= 8 {
                        format!("0x{}", sails::hex::encode(input))
                    } else {
                        format!(
                            "0x{}..{}", sails::hex::encode(& input[..4]),
                            sails::hex::encode(& input[input.len() - 4..])
                        )
                    }
                });
            panic!("Unexpected service: {}", input)
        };
        gstd::msg::reply_bytes(output, 0).expect("Failed to send output");
    }
}
