---
source: macros-tests/tests/program_insta.rs
expression: result
---
impl MyProgram {
    fn __service(&self) -> MyService {
        MyService
    }
    pub fn create() -> Self {
        Default::default()
    }
    pub fn service(&self) -> <MyService as sails::gstd::services::Service>::Exposure {
        let service = self.__service();
        let exposure = <MyService as sails::gstd::services::Service>::expose(
            service,
            1u8,
        );
        exposure
    }
}
impl sails::meta::ProgramMeta for MyProgram {
    type ConstructorsMeta = meta_in_program::ConstructorsMeta;
    const SERVICES: &'static [(&'static str, sails::meta::AnyServiceMeta)] = &[
        ("Service", <MyService as sails::meta::ServiceMeta>::META),
    ];
    const ASYNC: bool = <MyService as sails::meta::ServiceMeta>::ASYNC;
}
mod meta_in_program {
    use super::*;
    sails::invocation_io!(pub struct __CreateParams {}, entry_id = 0u16,);
    #[derive(sails::TypeInfo)]
    #[type_info(crate = sails::type_info)]
    pub enum ConstructorsMeta {
        Create(__CreateParams),
    }
}
impl sails::solidity::ProgramSignature for MyProgram {
    const CTORS: &'static [sails::solidity::MethodExpo] = &[
        (
            sails::meta::InterfaceId::zero(),
            0u16,
            "create",
            <<(
                bool,
            ) as sails::alloy_sol_types::SolValue>::SolType as sails::alloy_sol_types::SolType>::SOL_NAME,
            <<(
                sails::alloy_primitives::B256,
            ) as sails::alloy_sol_types::SolValue>::SolType as sails::alloy_sol_types::SolType>::SOL_NAME,
        ),
    ];
    const SERVICES: &'static [sails::solidity::ServiceExpo] = &[
        ("service", 1u8, <MyService as sails::solidity::ServiceSignature>::METHODS),
    ];
    const METHODS_LEN: usize = <MyService as sails::solidity::ServiceSignature>::METHODS
        .len();
}
const __CTOR_SIGS: [[u8; 4]; <MyProgram as sails::solidity::ProgramSignature>::CTORS
    .len()] = sails::solidity::ConstProgramMeta::<MyProgram>::ctor_sigs();
const _: () = sails::solidity::assert_unique_selectors(&__CTOR_SIGS);
const __CTOR_CALLBACK_SIGS: [[u8; 4]; <MyProgram as sails::solidity::ProgramSignature>::CTORS
    .len()] = sails::solidity::ConstProgramMeta::<MyProgram>::ctor_callback_sigs();
const __METHOD_SIGS: [[u8; 4]; <MyProgram as sails::solidity::ProgramSignature>::METHODS_LEN] = sails::solidity::ConstProgramMeta::<
    MyProgram,
>::method_sigs();
const _: () = sails::solidity::assert_unique_selectors(&__METHOD_SIGS);
const __METHOD_ROUTES: [(
    sails::meta::InterfaceId,
    u16,
    u8,
); <MyProgram as sails::solidity::ProgramSignature>::METHODS_LEN] = sails::solidity::ConstProgramMeta::<
    MyProgram,
>::method_routes();
const __CALLBACK_SIGS: [[u8; 4]; <MyProgram as sails::solidity::ProgramSignature>::METHODS_LEN] = sails::solidity::ConstProgramMeta::<
    MyProgram,
>::callback_sigs();
#[cfg(target_arch = "wasm32")]
pub mod wasm {
    use super::*;
    use sails::{gstd, hex, prelude::*};
    static mut PROGRAM: Option<MyProgram> = None;
    #[unsafe(no_mangle)]
    extern "C" fn init() {
        let mut input: &[u8] = &gstd::msg::load_bytes().expect("Failed to read input");
        if input.is_empty() {
            sails::program_ctor!(
                PROGRAM = MyProgram::create(), params_struct =
                meta_in_program::__CreateParams
            );
            return;
        }
        if let Some(input_sig) = input.get(..4)
            && let Ok(sig) = <[u8; 4]>::try_from(input_sig)
            && let Some(idx) = __CTOR_SIGS.iter().position(|s| s == &sig)
            && let Some(encode_reply) = match_ctor_solidity(
                <MyProgram as sails::solidity::ProgramSignature>::CTORS[idx].1,
                &input[4..],
            )
        {
            if encode_reply {
                let output = [
                    __CTOR_CALLBACK_SIGS[idx].as_slice(),
                    gstd::msg::id().into_bytes().as_slice(),
                ]
                    .concat();
                gstd::msg::reply_bytes(output, 0).expect("Failed to send output");
            }
            return;
        }
        if let Ok(header) = <sails::meta::SailsMessageHeader as sails::Decode>::decode(
            &mut input,
        ) {
            if header.interface_id() != sails::meta::InterfaceId::zero() {
                sails::gstd::unknown_input_panic(
                    "Non zero ctor interface_id",
                    header.to_bytes().as_slice(),
                );
            }
            match header.entry_id() {
                0u16 => {
                    let (): () = sails::Decode::decode(&mut input)
                        .unwrap_or_else(|_| sails::gstd::unknown_input_panic(
                            "Unknown request",
                            input,
                        ));
                    #[cfg(target_arch = "wasm32")]
                    if sails::gstd::msg::value() > 0 {
                        core::panic!("'create' accepts no value");
                    }
                    sails::program_ctor!(
                        PROGRAM = MyProgram::create(), params_struct =
                        meta_in_program::__CreateParams
                    )
                }
                _ => sails::gstd::unknown_input_panic("Unexpected ctor entry_id", input),
            }
        }
    }
    fn match_ctor_solidity(entry_id: u16, input: &[u8]) -> Option<bool> {
        match entry_id {
            0u16 => {
                let (__encode_reply,): (bool,) = sails::alloy_sol_types::SolValue::abi_decode_params(
                        input,
                    )
                    .expect("Failed to decode request");
                #[cfg(target_arch = "wasm32")]
                if sails::gstd::msg::value() > 0 {
                    core::panic!("'create' accepts no value");
                }
                let program = MyProgram::create();
                unsafe { PROGRAM = Some(program) };
                Some(__encode_reply)
            }
            _ => None,
        }
    }
    const SERVICES_COUNT: usize = 1usize
        + sails::meta::count_base_services::<MyService>();
    const INTERFACE_IDS: &'static [(sails::meta::InterfaceId, u8)] = &sails::meta::interface_ids::<
        SERVICES_COUNT,
    >(&[sails::meta::BaseServiceMeta::new::<MyService>("")]);
    #[unsafe(no_mangle)]
    extern "C" fn handle() {
        let mut input = gstd::msg::load_bytes().expect("Failed to read input");
        let program_ref = unsafe { PROGRAM.as_ref() }.expect("Program not initialized");
        if let Some(input_sig) = input.get(..4)
            && let Ok(sig) = <[u8; 4]>::try_from(input_sig)
            && let Some(idx) = __METHOD_SIGS.iter().position(|s| s == &sig)
        {
            let (interface_id, entry_id, route_idx) = __METHOD_ROUTES[idx];
            if route_idx == 1u8 {
                let mut service = program_ref.service();
                let Some(is_async) = <MyService as sails::gstd::services::Service>::Exposure::check_asyncness(
                    interface_id,
                    entry_id,
                ) else {
                    gstd::unknown_input_panic("Unknown service method", &input);
                };
                if is_async {
                    gstd::message_loop(async move {
                        let (output, value, encode_reply) = service
                            .try_handle_solidity_async(
                                interface_id,
                                entry_id,
                                &input[4..],
                            )
                            .await
                            .unwrap_or_else(|| {
                                gstd::unknown_input_panic("Unknown request", &input)
                            });
                        let output = if encode_reply {
                            let selector = __CALLBACK_SIGS[idx];
                            [selector.as_slice(), output.as_slice()].concat()
                        } else {
                            output
                        };
                        gstd::msg::reply_bytes(output, value)
                            .expect("Failed to send output");
                    });
                } else {
                    let (output, value, encode_reply) = service
                        .try_handle_solidity(interface_id, entry_id, &input[4..])
                        .unwrap_or_else(|| {
                            gstd::unknown_input_panic("Unknown request", &input)
                        });
                    let output = if encode_reply {
                        let selector = __CALLBACK_SIGS[idx];
                        [selector.as_slice(), output.as_slice()].concat()
                    } else {
                        output
                    };
                    gstd::msg::reply_bytes(output, value)
                        .expect("Failed to send output");
                }
                return;
            }
        }
        if let Ok(header) = <sails::meta::SailsMessageHeader as sails::Decode>::decode(
            &mut input.as_slice(),
        ) {
            let header_len = header.hlen().inner() as usize;
            let (interface_id, route_id, entry_id) = header
                .try_match_interfaces(INTERFACE_IDS)
                .expect("Failed to find matching service")
                .into_inner();
            match route_id {
                1u8 => {
                    let svc = program_ref.service();
                    sails::service_route_dispatch!(
                        svc : MyService, interface_id = interface_id, entry_id =
                        entry_id, input = & input[header_len..],
                    );
                }
                _ => gstd::unknown_input_panic("Unknown route_id", &[route_id]),
            }
        }
    }
    #[unsafe(no_mangle)]
    extern "C" fn handle_reply() {
        use sails::meta::ProgramMeta;
        if MyProgram::ASYNC {
            gstd::handle_reply_with_hook();
        }
    }
}
