---
source: macros-tests/tests/service_insta.rs
expression: result
---
pub struct SomeServiceExposure<T> {
    route: &'static [u8],
    inner: T,
}
impl<T: sails_rs::meta::ServiceMeta> sails_rs::gstd::services::Exposure
for SomeServiceExposure<T> {
    fn route(&self) -> &'static [u8] {
        self.route
    }
    fn check_asyncness(input: &[u8]) -> Option<bool> {
        use sails_rs::gstd::InvocationIo;
        use sails_rs::gstd::services::{Service, Exposure};
        if !T::ASYNC {
            return Some(false);
        }
        if let Ok(is_async) = some_service_meta::__DoThisParams::check_asyncness(input) {
            return Some(is_async);
        }
        if let Ok(is_async) = some_service_meta::__ThisParams::check_asyncness(input) {
            return Some(is_async);
        }
        None
    }
}
impl<T> core::ops::Deref for SomeServiceExposure<T> {
    type Target = T;
    fn deref(&self) -> &Self::Target {
        &self.inner
    }
}
impl<T> core::ops::DerefMut for SomeServiceExposure<T> {
    fn deref_mut(&mut self) -> &mut Self::Target {
        &mut self.inner
    }
}
#[allow(warnings)]
#[allow(clippy::all)]
impl SomeServiceExposure<SomeService> {
    #[allow(unused)]
    #[export]
    pub async fn do_this(&mut self, p1: u32, p2: String) -> u32 {
        p1
    }
    #[export]
    pub fn this(&self, p1: bool) -> bool {
        p1
    }
    pub fn check_asyncness(&self, input: &[u8]) -> Option<bool> {
        <Self as sails_rs::gstd::services::Exposure>::check_asyncness(input)
    }
    pub fn try_handle(
        mut self,
        input: &[u8],
        result_handler: fn(&[u8], u128),
    ) -> Option<()> {
        use sails_rs::gstd::InvocationIo;
        use sails_rs::gstd::services::{Service, Exposure};
        if let Ok(request) = some_service_meta::__ThisParams::decode_params(input) {
            let result = self.this(request.p1);
            let value = 0u128;
            if !some_service_meta::__ThisParams::is_empty_tuple::<bool>() {
                some_service_meta::__ThisParams::with_optimized_encode(
                    &result,
                    self.route().as_ref(),
                    |encoded_result| result_handler(encoded_result, value),
                );
            }
            return Some(());
        }
        None
    }
    pub async fn try_handle_async(
        mut self,
        input: &[u8],
        result_handler: fn(&[u8], u128),
    ) -> Option<()> {
        use sails_rs::gstd::InvocationIo;
        use sails_rs::gstd::services::{Service, Exposure};
        if let Ok(request) = some_service_meta::__DoThisParams::decode_params(input) {
            let result = self.do_this(request.p1, request.p2).await;
            let value = 0u128;
            if !some_service_meta::__DoThisParams::is_empty_tuple::<u32>() {
                some_service_meta::__DoThisParams::with_optimized_encode(
                    &result,
                    self.route().as_ref(),
                    |encoded_result| result_handler(encoded_result, value),
                );
            }
            return Some(());
        }
        None
    }
    pub fn try_handle_solidity(
        mut self,
        method: &[u8],
        input: &[u8],
    ) -> Option<(sails_rs::Vec<u8>, u128, bool)> {
        use sails_rs::gstd::services::{Service, Exposure};
        if method == &[16u8, 84u8, 104u8, 105u8, 115u8] {
            let (__encode_reply, p1): (bool, bool) = sails_rs::alloy_sol_types::SolValue::abi_decode_params(
                    input,
                    false,
                )
                .ok()?;
            let result = self.this(p1);
            let value = 0u128;
            let output = if __encode_reply {
                let message_id = sails_rs::alloy_primitives::B256::new(
                    sails_rs::gstd::Syscall::message_id().into_bytes(),
                );
                sails_rs::alloy_sol_types::SolValue::abi_encode_sequence(
                    &(message_id, result),
                )
            } else {
                sails_rs::alloy_sol_types::SolValue::abi_encode_sequence(&(result,))
            };
            return Some((output, value, __encode_reply));
        }
        None
    }
    pub async fn try_handle_solidity_async(
        mut self,
        method: &[u8],
        input: &[u8],
    ) -> Option<(sails_rs::Vec<u8>, u128, bool)> {
        use sails_rs::gstd::services::{Service, Exposure};
        if method == &[24u8, 68u8, 111u8, 84u8, 104u8, 105u8, 115u8] {
            let (__encode_reply, p1, p2): (bool, u32, String) = sails_rs::alloy_sol_types::SolValue::abi_decode_params(
                    input,
                    false,
                )
                .ok()?;
            let result = self.do_this(p1, p2).await;
            let value = 0u128;
            let output = if __encode_reply {
                let message_id = sails_rs::alloy_primitives::B256::new(
                    sails_rs::gstd::Syscall::message_id().into_bytes(),
                );
                sails_rs::alloy_sol_types::SolValue::abi_encode_sequence(
                    &(message_id, result),
                )
            } else {
                sails_rs::alloy_sol_types::SolValue::abi_encode_sequence(&(result,))
            };
            return Some((output, value, __encode_reply));
        }
        None
    }
}
impl sails_rs::gstd::services::Service for SomeService {
    type Exposure = SomeServiceExposure<Self>;
    fn expose(self, route: &'static [u8]) -> Self::Exposure {
        Self::Exposure {
            route,
            inner: self,
        }
    }
}
impl sails_rs::meta::ServiceMeta for SomeService {
    type CommandsMeta = some_service_meta::CommandsMeta;
    type QueriesMeta = some_service_meta::QueriesMeta;
    type EventsMeta = some_service_meta::EventsMeta;
    const BASE_SERVICES: &'static [sails_rs::meta::AnyServiceMetaFn] = &[];
    const ASYNC: bool = true;
    const INTERFACE_ID: sails_rs::meta::InterfaceId = {
        let mut final_hash = sails_rs::keccak_const::Keccak256::new();
        {
            let mut fn_hash = sails_rs::keccak_const::Keccak256::new();
            fn_hash = fn_hash.update("command".as_bytes());
            fn_hash = fn_hash.update("DoThis".as_bytes());
            fn_hash = fn_hash
                .update(&<u32 as sails_rs::sails_reflect_hash::ReflectHash>::HASH);
            fn_hash = fn_hash
                .update(&<String as sails_rs::sails_reflect_hash::ReflectHash>::HASH);
            fn_hash = fn_hash.update(b"res");
            fn_hash = fn_hash
                .update(&<u32 as sails_rs::sails_reflect_hash::ReflectHash>::HASH);
            final_hash = final_hash.update(&fn_hash.finalize());
        }
        {
            let mut fn_hash = sails_rs::keccak_const::Keccak256::new();
            fn_hash = fn_hash.update("query".as_bytes());
            fn_hash = fn_hash.update("This".as_bytes());
            fn_hash = fn_hash
                .update(&<bool as sails_rs::sails_reflect_hash::ReflectHash>::HASH);
            fn_hash = fn_hash.update(b"res");
            fn_hash = fn_hash
                .update(&<bool as sails_rs::sails_reflect_hash::ReflectHash>::HASH);
            final_hash = final_hash.update(&fn_hash.finalize());
        }
        let hash = final_hash.finalize();
        sails_rs::meta::InterfaceId([
            hash[0],
            hash[1],
            hash[2],
            hash[3],
            hash[4],
            hash[5],
            hash[6],
            hash[7],
        ])
    };
}
mod some_service_meta {
    use super::*;
    use sails_rs::{Decode, TypeInfo};
    use sails_rs::gstd::InvocationIo;
    #[derive(Decode, TypeInfo)]
    #[codec(crate = sails_rs::scale_codec)]
    #[scale_info(crate = sails_rs::scale_info)]
    pub struct __DoThisParams {
        pub(super) p1: u32,
        pub(super) p2: String,
    }
    impl InvocationIo for __DoThisParams {
        const ROUTE: &'static [u8] = &[24u8, 68u8, 111u8, 84u8, 104u8, 105u8, 115u8];
        type Params = Self;
        const ASYNC: bool = true;
    }
    #[derive(Decode, TypeInfo)]
    #[codec(crate = sails_rs::scale_codec)]
    #[scale_info(crate = sails_rs::scale_info)]
    pub struct __ThisParams {
        pub(super) p1: bool,
    }
    impl InvocationIo for __ThisParams {
        const ROUTE: &'static [u8] = &[16u8, 84u8, 104u8, 105u8, 115u8];
        type Params = Self;
        const ASYNC: bool = false;
    }
    #[derive(TypeInfo)]
    #[scale_info(crate = sails_rs::scale_info)]
    pub enum CommandsMeta {
        DoThis(__DoThisParams, u32),
    }
    #[derive(TypeInfo)]
    #[scale_info(crate = sails_rs::scale_info)]
    pub enum QueriesMeta {
        This(__ThisParams, bool),
    }
    #[derive(TypeInfo)]
    #[scale_info(crate = sails_rs::scale_info)]
    pub enum NoEvents {}
    pub type EventsMeta = NoEvents;
}
impl sails_rs::solidity::ServiceSignature for SomeService {
    const METHODS: &'static [sails_rs::solidity::MethodExpo] = &[
        (
            &[24u8, 68u8, 111u8, 84u8, 104u8, 105u8, 115u8] as &[u8],
            "DoThis",
            <<(
                bool,
                u32,
                String,
            ) as sails_rs::alloy_sol_types::SolValue>::SolType as sails_rs::alloy_sol_types::SolType>::SOL_NAME,
            <<(
                sails_rs::alloy_primitives::B256,
                u32,
            ) as sails_rs::alloy_sol_types::SolValue>::SolType as sails_rs::alloy_sol_types::SolType>::SOL_NAME,
        ),
        (
            &[16u8, 84u8, 104u8, 105u8, 115u8] as &[u8],
            "This",
            <<(
                bool,
                bool,
            ) as sails_rs::alloy_sol_types::SolValue>::SolType as sails_rs::alloy_sol_types::SolType>::SOL_NAME,
            <<(
                sails_rs::alloy_primitives::B256,
                bool,
            ) as sails_rs::alloy_sol_types::SolValue>::SolType as sails_rs::alloy_sol_types::SolType>::SOL_NAME,
        ),
    ];
}
