---
source: macros-tests/tests/service_insta.rs
expression: result
---
pub struct SomeServiceExposure<T> {
    route: &'static [u8],
    inner: T,
}
impl<T: sails_rs::meta::ServiceMeta> sails_rs::gstd::services::Exposure
for SomeServiceExposure<T> {
    fn route(&self) -> &'static [u8] {
        self.route
    }
    fn check_asyncness(input: &[u8]) -> Option<bool> {
        use sails_rs::gstd::InvocationIo;
        use sails_rs::gstd::services::{Service, Exposure};
        if !T::ASYNC {
            return Some(false);
        }
        if let Ok(is_async) = some_service_meta::__DoThisParams::check_asyncness(input) {
            return Some(is_async);
        }
        None
    }
}
impl<T> core::ops::Deref for SomeServiceExposure<T> {
    type Target = T;
    fn deref(&self) -> &Self::Target {
        &self.inner
    }
}
impl<T> core::ops::DerefMut for SomeServiceExposure<T> {
    fn deref_mut(&mut self) -> &mut Self::Target {
        &mut self.inner
    }
}
impl<'a, 'b, T, U> SomeServiceExposure<SomeService<'a, 'b, T, U>>
where
    T: Clone,
    U: Iterator<Item = u32>,
{
    #[export]
    pub fn do_this(&mut self) -> u32 {
        42
    }
    pub fn check_asyncness(&self, input: &[u8]) -> Option<bool> {
        <Self as sails_rs::gstd::services::Exposure>::check_asyncness(input)
    }
    pub fn try_handle(
        mut self,
        input: &[u8],
        result_handler: fn(&[u8], u128),
    ) -> Option<()> {
        use sails_rs::gstd::InvocationIo;
        use sails_rs::gstd::services::{Service, Exposure};
        if let Ok(request) = some_service_meta::__DoThisParams::decode_params(input) {
            let result = self.do_this();
            let value = 0u128;
            if !some_service_meta::__DoThisParams::is_empty_tuple::<u32>() {
                some_service_meta::__DoThisParams::with_optimized_encode(
                    &result,
                    self.route().as_ref(),
                    |encoded_result| result_handler(encoded_result, value),
                );
            }
            return Some(());
        }
        None
    }
    pub async fn try_handle_async(
        mut self,
        input: &[u8],
        result_handler: fn(&[u8], u128),
    ) -> Option<()> {
        use sails_rs::gstd::InvocationIo;
        use sails_rs::gstd::services::{Service, Exposure};
        None
    }
    pub fn try_handle_solidity(
        mut self,
        method: &[u8],
        input: &[u8],
    ) -> Option<(sails_rs::Vec<u8>, u128, bool)> {
        use sails_rs::gstd::services::{Service, Exposure};
        if method == &[24u8, 68u8, 111u8, 84u8, 104u8, 105u8, 115u8] {
            let (__encode_reply,): (bool,) = sails_rs::alloy_sol_types::SolValue::abi_decode_params(
                    input,
                    false,
                )
                .ok()?;
            let result = self.do_this();
            let value = 0u128;
            let output = if __encode_reply {
                let message_id = sails_rs::alloy_primitives::B256::new(
                    sails_rs::gstd::Syscall::message_id().into_bytes(),
                );
                sails_rs::alloy_sol_types::SolValue::abi_encode_sequence(
                    &(message_id, result),
                )
            } else {
                sails_rs::alloy_sol_types::SolValue::abi_encode_sequence(&(result,))
            };
            return Some((output, value, __encode_reply));
        }
        None
    }
    pub async fn try_handle_solidity_async(
        mut self,
        method: &[u8],
        input: &[u8],
    ) -> Option<(sails_rs::Vec<u8>, u128, bool)> {
        use sails_rs::gstd::services::{Service, Exposure};
        None
    }
}
impl<'a, 'b, T, U> sails_rs::gstd::services::Service for SomeService<'a, 'b, T, U>
where
    T: Clone,
    U: Iterator<Item = u32>,
{
    type Exposure = SomeServiceExposure<Self>;
    fn expose(self, route: &'static [u8]) -> Self::Exposure {
        Self::Exposure {
            route,
            inner: self,
        }
    }
}
impl<'a, 'b, T, U> sails_rs::meta::ServiceMeta for SomeService<'a, 'b, T, U>
where
    T: Clone,
    U: Iterator<Item = u32>,
{
    type CommandsMeta = some_service_meta::CommandsMeta;
    type QueriesMeta = some_service_meta::QueriesMeta;
    type EventsMeta = some_service_meta::EventsMeta;
    const BASE_SERVICES: &'static [sails_rs::meta::AnyServiceMetaFn] = &[];
    const ASYNC: bool = false;
    const INTERFACE_ID: [u8; 32] = {
        let mut final_hash = sails_rs::keccak_const::Keccak256::new();
        let mut fns_hash = sails_rs::keccak_const::Keccak256::new();
        {
            let mut fn_hash = sails_rs::keccak_const::Keccak256::new();
            fn_hash = fn_hash.update("command".as_bytes());
            fn_hash = fn_hash.update("DoThis".as_bytes());
            fn_hash = fn_hash
                .update(&<u32 as sails_rs::sails_reflect_hash::ReflectHash>::HASH);
            fns_hash = fns_hash.update(&fn_hash.finalize());
        }
        final_hash = final_hash.update(&fns_hash.finalize());
        final_hash.finalize()
    };
}
mod some_service_meta {
    use super::*;
    use sails_rs::{Decode, TypeInfo};
    use sails_rs::gstd::InvocationIo;
    #[derive(Decode, TypeInfo)]
    #[codec(crate = sails_rs::scale_codec)]
    #[scale_info(crate = sails_rs::scale_info)]
    pub struct __DoThisParams {}
    impl InvocationIo for __DoThisParams {
        const ROUTE: &'static [u8] = &[24u8, 68u8, 111u8, 84u8, 104u8, 105u8, 115u8];
        type Params = Self;
        const ASYNC: bool = false;
    }
    #[derive(TypeInfo)]
    #[scale_info(crate = sails_rs::scale_info)]
    pub enum CommandsMeta {
        DoThis(__DoThisParams, u32),
    }
    #[derive(TypeInfo)]
    #[scale_info(crate = sails_rs::scale_info)]
    pub enum QueriesMeta {}
    #[derive(TypeInfo)]
    #[scale_info(crate = sails_rs::scale_info)]
    pub enum NoEvents {}
    pub type EventsMeta = NoEvents;
}
impl<'a, 'b, T, U> sails_rs::solidity::ServiceSignature for SomeService<'a, 'b, T, U>
where
    T: Clone,
    U: Iterator<Item = u32>,
{
    const METHODS: &'static [sails_rs::solidity::MethodExpo] = &[
        (
            &[24u8, 68u8, 111u8, 84u8, 104u8, 105u8, 115u8] as &[u8],
            "DoThis",
            <<(
                bool,
            ) as sails_rs::alloy_sol_types::SolValue>::SolType as sails_rs::alloy_sol_types::SolType>::SOL_NAME,
            <<(
                sails_rs::alloy_primitives::B256,
                u32,
            ) as sails_rs::alloy_sol_types::SolValue>::SolType as sails_rs::alloy_sol_types::SolType>::SOL_NAME,
        ),
    ];
}
