---
source: macros-tests/tests/service_insta.rs
expression: result
---
pub struct MyServiceWithEventsExposure<T> {
    route_idx: u8,
    inner: T,
}
impl<T: sails_rs::meta::ServiceMeta> sails_rs::gstd::services::Exposure
for MyServiceWithEventsExposure<T> {
    fn interface_id() -> sails_rs::meta::InterfaceId {
        T::INTERFACE_ID
    }
    fn route_idx(&self) -> u8 {
        self.route_idx
    }
    fn check_asyncness(
        interface_id: sails_rs::meta::InterfaceId,
        entry_id: u16,
    ) -> Option<bool> {
        if !T::ASYNC {
            return Some(false);
        }
        if interface_id == T::INTERFACE_ID {
            match entry_id {
                0u16 => Some(false),
                1u16 => Some(false),
                _ => None,
            }
        } else {
            None
        }
    }
}
impl<T: sails_rs::meta::ServiceMeta> sails_rs::gstd::services::ExposureWithEvents
for MyServiceWithEventsExposure<T> {
    type Events = MyEvents;
}
impl<T> core::ops::Deref for MyServiceWithEventsExposure<T> {
    type Target = T;
    fn deref(&self) -> &Self::Target {
        &self.inner
    }
}
impl<T> core::ops::DerefMut for MyServiceWithEventsExposure<T> {
    fn deref_mut(&mut self) -> &mut Self::Target {
        &mut self.inner
    }
}
impl MyServiceWithEventsExposure<MyServiceWithEvents> {
    #[export]
    pub fn do_this(&mut self) -> u32 {
        42
    }
    #[export]
    pub fn this(&self) -> bool {
        true
    }
    pub fn try_handle(
        mut self,
        interface_id: sails_rs::meta::InterfaceId,
        entry_id: u16,
        mut input: &[u8],
        result_handler: fn(&[u8], u128),
    ) -> Option<()> {
        use sails_rs::gstd::services::{Exposure, Service};
        use sails_rs::gstd::{InvocationIo, CommandReply};
        if interface_id
            == <self::MyServiceWithEvents as sails_rs::meta::ServiceMeta>::INTERFACE_ID
        {
            match entry_id {
                0u16 => {
                    let request: my_service_with_events_meta::__DoThisParams = sails_rs::scale_codec::Decode::decode(
                            &mut input,
                        )
                        .expect("Failed to decode params");
                    let result = self.do_this();
                    let value = 0u128;
                    if !sails_rs::gstd::is_empty_tuple::<u32>() {
                        <my_service_with_events_meta::__DoThisParams as sails_rs::gstd::InvocationIo>::with_optimized_encode(
                            &result,
                            self.route_idx,
                            |encoded_result| result_handler(encoded_result, value),
                        );
                    }
                    return Some(());
                }
                1u16 => {
                    let request: my_service_with_events_meta::__ThisParams = sails_rs::scale_codec::Decode::decode(
                            &mut input,
                        )
                        .expect("Failed to decode params");
                    let result = self.this();
                    let value = 0u128;
                    if !sails_rs::gstd::is_empty_tuple::<bool>() {
                        <my_service_with_events_meta::__ThisParams as sails_rs::gstd::InvocationIo>::with_optimized_encode(
                            &result,
                            self.route_idx,
                            |encoded_result| result_handler(encoded_result, value),
                        );
                    }
                    return Some(());
                }
                _ => None,
            }
        } else {
            None
        }
    }
    pub async fn try_handle_async(
        mut self,
        interface_id: sails_rs::meta::InterfaceId,
        entry_id: u16,
        mut input: &[u8],
        result_handler: fn(&[u8], u128),
    ) -> Option<()> {
        use sails_rs::gstd::services::{Exposure, Service};
        use sails_rs::gstd::{InvocationIo, CommandReply};
        if interface_id
            == <self::MyServiceWithEvents as sails_rs::meta::ServiceMeta>::INTERFACE_ID
        {
            match entry_id {
                _ => None,
            }
        } else {
            None
        }
    }
    pub fn try_handle_solidity(
        mut self,
        interface_id: sails_rs::meta::InterfaceId,
        entry_id: u16,
        input: &[u8],
    ) -> Option<(sails_rs::Vec<u8>, u128, bool)> {
        use sails_rs::gstd::services::{Service, Exposure};
        if interface_id
            == <self::MyServiceWithEvents as sails_rs::meta::ServiceMeta>::INTERFACE_ID
        {
            match entry_id {
                0u16 => {
                    let (__encode_reply,): (bool,) = sails_rs::alloy_sol_types::SolValue::abi_decode_params(
                            input,
                            false,
                        )
                        .ok()?;
                    let result = self.do_this();
                    let value = 0u128;
                    let output = if __encode_reply {
                        let message_id = sails_rs::alloy_primitives::B256::new(
                            sails_rs::gstd::Syscall::message_id().into_bytes(),
                        );
                        sails_rs::alloy_sol_types::SolValue::abi_encode_sequence(
                            &(message_id, result),
                        )
                    } else {
                        sails_rs::alloy_sol_types::SolValue::abi_encode_sequence(
                            &(result,),
                        )
                    };
                    return Some((output, value, __encode_reply));
                }
                1u16 => {
                    let (__encode_reply,): (bool,) = sails_rs::alloy_sol_types::SolValue::abi_decode_params(
                            input,
                            false,
                        )
                        .ok()?;
                    let result = self.this();
                    let value = 0u128;
                    let output = if __encode_reply {
                        let message_id = sails_rs::alloy_primitives::B256::new(
                            sails_rs::gstd::Syscall::message_id().into_bytes(),
                        );
                        sails_rs::alloy_sol_types::SolValue::abi_encode_sequence(
                            &(message_id, result),
                        )
                    } else {
                        sails_rs::alloy_sol_types::SolValue::abi_encode_sequence(
                            &(result,),
                        )
                    };
                    return Some((output, value, __encode_reply));
                }
                _ => None,
            }
        } else {
            None
        }
    }
    pub async fn try_handle_solidity_async(
        mut self,
        interface_id: sails_rs::meta::InterfaceId,
        entry_id: u16,
        input: &[u8],
    ) -> Option<(sails_rs::Vec<u8>, u128, bool)> {
        use sails_rs::gstd::services::{Service, Exposure};
        if interface_id
            == <self::MyServiceWithEvents as sails_rs::meta::ServiceMeta>::INTERFACE_ID
        {
            match entry_id {
                _ => None,
            }
        } else {
            None
        }
    }
    pub fn emit_event(&self, event: MyEvents) -> sails_rs::errors::Result<()> {
        use sails_rs::gstd::services::ExposureWithEvents;
        self.emitter().emit_event(event)
    }
    pub fn emit_eth_event(&self, event: MyEvents) -> sails_rs::errors::Result<()> {
        use sails_rs::gstd::services::ExposureWithEvents;
        self.emitter().emit_eth_event(event)
    }
}
impl sails_rs::gstd::services::Service for MyServiceWithEvents {
    type Exposure = MyServiceWithEventsExposure<Self>;
    fn expose(self, route_idx: u8) -> Self::Exposure {
        Self::Exposure {
            route_idx,
            inner: self,
        }
    }
}
mod my_service_with_events_meta {
    use super::*;
    impl sails_rs::meta::ServiceMeta for super::MyServiceWithEvents {
        type CommandsMeta = CommandsMeta;
        type QueriesMeta = QueriesMeta;
        type EventsMeta = EventsMeta;
        const BASE_SERVICES: &'static [sails_rs::meta::BaseServiceMeta] = &[];
        const ASYNC: bool = false;
        const INTERFACE_ID: sails_rs::meta::InterfaceId = {
            let mut final_hash = sails_rs::keccak_const::Keccak256::new();
            final_hash = final_hash.update(&sails_rs::hash_fn!(command DoThis() -> u32));
            final_hash = final_hash.update(&sails_rs::hash_fn!(query This() -> bool));
            final_hash = final_hash
                .update(&<MyEvents as sails_rs::sails_reflect_hash::ReflectHash>::HASH);
            let hash = final_hash.finalize();
            sails_rs::meta::InterfaceId::from_bytes_32(hash)
        };
    }
    #[derive(sails_rs::Decode, sails_rs::TypeInfo)]
    #[codec(crate = sails_rs::scale_codec)]
    #[scale_info(crate = sails_rs::scale_info)]
    pub struct __DoThisParams {}
    impl sails_rs::gstd::InvocationIo for __DoThisParams {
        const INTERFACE_ID: sails_rs::meta::InterfaceId = <super::MyServiceWithEvents as sails_rs::meta::ServiceMeta>::INTERFACE_ID;
        const ENTRY_ID: u16 = 0u16;
        type Params = Self;
    }
    #[derive(sails_rs::Decode, sails_rs::TypeInfo)]
    #[codec(crate = sails_rs::scale_codec)]
    #[scale_info(crate = sails_rs::scale_info)]
    pub struct __ThisParams {}
    impl sails_rs::gstd::InvocationIo for __ThisParams {
        const INTERFACE_ID: sails_rs::meta::InterfaceId = <super::MyServiceWithEvents as sails_rs::meta::ServiceMeta>::INTERFACE_ID;
        const ENTRY_ID: u16 = 1u16;
        type Params = Self;
    }
    #[derive(sails_rs::TypeInfo)]
    #[scale_info(crate = sails_rs::scale_info)]
    pub enum CommandsMeta {
        DoThis(__DoThisParams, u32),
    }
    #[derive(sails_rs::TypeInfo)]
    #[scale_info(crate = sails_rs::scale_info)]
    pub enum QueriesMeta {
        This(__ThisParams, bool),
    }
    #[derive(sails_rs::TypeInfo)]
    #[scale_info(crate = sails_rs::scale_info)]
    pub enum NoEvents {}
    pub type EventsMeta = MyEvents;
}
impl sails_rs::solidity::ServiceSignature for MyServiceWithEvents {
    const METHODS: &'static [sails_rs::solidity::MethodExpo] = &[
        (
            0u16,
            "DoThis",
            <<(
                bool,
            ) as sails_rs::alloy_sol_types::SolValue>::SolType as sails_rs::alloy_sol_types::SolType>::SOL_NAME,
            <<(
                sails_rs::alloy_primitives::B256,
                u32,
            ) as sails_rs::alloy_sol_types::SolValue>::SolType as sails_rs::alloy_sol_types::SolType>::SOL_NAME,
        ),
        (
            1u16,
            "This",
            <<(
                bool,
            ) as sails_rs::alloy_sol_types::SolValue>::SolType as sails_rs::alloy_sol_types::SolType>::SOL_NAME,
            <<(
                sails_rs::alloy_primitives::B256,
                bool,
            ) as sails_rs::alloy_sol_types::SolValue>::SolType as sails_rs::alloy_sol_types::SolType>::SOL_NAME,
        ),
    ];
}
