---
source: rs/idl-gen/tests/generator.rs
expression: generated_idl
---
!@sails: 2.0.0

service BaseService {
    events {
        ThisDoneBase(u32),
        ThatDoneBase {
            p1: u16,
        },
    }

    functions {
        DoThis(p1: u32) -> u32;

        DoThatBase(p1: String) -> String;

        @query
        ThisBase(p1: u16) -> u16;

        @query
        That(p1: String) -> String;
    }
}

service {
    extends {
        BaseService
    }

    events {
        /// `This` Done
        ThisDone (
            /// This is unnamed field, comments ignored
            u32
        ),
        ThisDoneTwice (
            /// This is the first unnamed field
            u32,
            /// This is the second unnamed field
            u32
        ),
        /// `That` Done too
        ThatDone {
            /// This is `p1` field
            p1: String,
        },
    }

    functions {
        /// Some description
        DoThis(p1: u32, p2: String, p3: (Option<String>, u8), p4: TupleStruct, p5: GenericStruct<H256>, p6: GenericStruct<String>, p7: GenericConstStruct1, p8: GenericConstStruct2) -> String;

        /// Some multiline description
        /// Second line
        /// Third line
        DoThat(par1: DoThatParam) -> (String, u32) throws (String,);

        /// This is a query
        @query
        This(p1: u32, p2: String, p3: (Option<String>, u8), p4: TupleStruct, p5: GenericEnum<bool, u32>) -> (String, u32) throws String;

        /// This is a second query
        /// This is a second line
        @query
        That(pr1: ThatParam) -> String;
    }

    types {
        /// TupleStruct docs
        struct TupleStruct(bool);

        /// GenericStruct docs
        struct GenericStruct<T> {
            /// GenericStruct field `p1`
            p1: T,
        }

        /// GenericConstStruct docs
        struct GenericConstStruct1 {
            /// GenericStruct field `field`
            field: [u8; 8],
        }

        /// GenericConstStruct docs
        struct GenericConstStruct2 {
            /// GenericStruct field `field`
            field: [u8; 32],
        }

        struct DoThatParam {
            p1: u32,
            p2: String,
            p3: ManyVariants,
        }

        enum ManyVariants {
            One,
            Two(u32),
            Three(Option<[u256]>),
            Four {
                a: u32,
                b: Option<u16>,
            },
            Five(String, [u8]),
            Six((u32,)),
            Seven(GenericEnum<u32, String>),
            Eight([[(u32, String)]; 10]),
            Nine(TupleVariantsDocs),
        }

        /// GenericEnum docs
        /// with two lines
        enum GenericEnum<T1, T2> {
            /// GenericEnum `Variant1` of type 'T1'
            Variant1(T1),
            /// GenericEnum `Variant2` of type 'T2'
            Variant2(T2),
        }

        enum TupleVariantsDocs {
            /// Docs for no tuple docs 1
            NoTupleDocs1(u32, String),
            NoTupleDocs2(CodeId, [u8]),
            /// Docs for tuple docs 1
            TupleDocs1 (
                u32,
                /// This is the second field
                String
            ),
            TupleDocs2 (
                /// This is the first field
                u32,
                /// This is the second field
                String
            ),
            /// Docs for struct docs
            StructDocs {
                /// This is field `a`
                a: u32,
                /// This is field `b`
                b: String,
            },
        }

        struct ThatParam {
            p1: ManyVariants,
        }
    }
}
