---
source: rs/type-registry/derive/src/lib.rs
expression: formatted
---
#[automatically_derived]
impl<T: ::sails_type_registry::TypeInfo> ::sails_type_registry::TypeInfo for Aliases<T> {
    type Identity = Self;
    fn type_decl(
        registry: &mut ::sails_type_registry::Registry,
    ) -> ::sails_type_registry::TypeDecl {
        let generics = ::sails_type_registry::prelude::alloc::vec![
            {
                let id = registry.register_type::<T>();
                registry
                    .get_type_decl(id)
                    .cloned()
                    .unwrap_or(
                        ::sails_type_registry::TypeDecl::named("<unknown>".into()),
                    )
            },
        ];
        ::sails_type_registry::TypeDecl::Named {
            name: "Aliases".into(),
            generics,
            param: None,
        }
    }
    fn type_def(
        registry: &mut ::sails_type_registry::Registry,
    ) -> core::option::Option<::sails_type_registry::Type> {
        let mut type_builder = ::sails_type_registry::builder::TypeBuilder::new()
            .module_path(::core::module_path!())
            .name("Aliases");
        type_builder = type_builder.parameter("T");
        core::option::Option::Some({
            let mut composite_builder = type_builder.composite();
            let composite_builder = composite_builder
                .field("field")
                .doc("Deeply nested aliases: Result<Vec<(T, bool)>, String>")
                .ty({
                    {
                        let _ = registry.register_type::<Outer<T>>();
                        ::sails_type_registry::TypeDecl::Named {
                            name: "Outer".into(),
                            generics: ::sails_type_registry::prelude::alloc::vec![
                                ::sails_type_registry::TypeDecl::Named {
                                    name: "T".into(),
                                    generics: ::sails_type_registry::prelude::alloc::vec![],
                                    param: Some(::sails_type_registry::NamedParam::Type),
                                },
                            ],
                            param: None,
                        }
                    }
                });
            let composite_builder = composite_builder
                .field("direct")
                .doc("Direct use of intermediate alias")
                .ty({
                    {
                        let _ = registry.register_type::<Middle<T>>();
                        ::sails_type_registry::TypeDecl::Named {
                            name: "Middle".into(),
                            generics: ::sails_type_registry::prelude::alloc::vec![
                                ::sails_type_registry::TypeDecl::Named {
                                    name: "T".into(),
                                    generics: ::sails_type_registry::prelude::alloc::vec![],
                                    param: Some(::sails_type_registry::NamedParam::Type),
                                },
                            ],
                            param: None,
                        }
                    }
                });
            composite_builder.build()
        })
    }
}
