---
source: rs/type-registry/derive/src/lib.rs
expression: formatted
---
#[automatically_derived]
impl ::sails_type_registry::TypeInfo for Complex {
    type Identity = Self;
    fn type_info(
        registry: &mut ::sails_type_registry::Registry,
    ) -> ::sails_type_registry::ty::Type {
        let mut type_builder = ::sails_type_registry::builder::TypeBuilder::new()
            .module_path(::core::module_path!())
            .name("Complex");
        type_builder = type_builder.annotate("top").value("val");
        let mut builder = type_builder.variant();
        builder = {
            let mut v_builder = builder
                .add_variant("V1")
                .doc("Variant with named fields and annotations")
                .annotate("v1");
            {
                let ty = { registry.register_type::<u32>() };
                v_builder = v_builder.field("f").annotate("f1").value("v").ty(ty);
            }
            v_builder.finish_variant()
        };
        builder = {
            let mut v_builder = builder
                .add_variant("V2")
                .doc("Variant with unnamed fields");
            {
                let ty = { registry.register_type::<u64>() };
                v_builder = v_builder.unnamed().ty(ty);
            }
            {
                let ty = { registry.register_type::<String>() };
                v_builder = v_builder.unnamed().ty(ty);
            }
            v_builder.finish_variant()
        };
        builder = {
            let mut v_builder = builder.add_variant("V3").doc("Unit variant");
            v_builder.finish_variant()
        };
        builder.build()
    }
}
