---
source: rs/type-registry/derive/src/lib.rs
expression: formatted
---
#[automatically_derived]
impl ::sails_type_registry::TypeInfo for Unit {
    type Identity = Self;
    fn type_decl(
        registry: &mut ::sails_type_registry::Registry,
    ) -> ::sails_type_registry::TypeDecl {
        let generics = ::sails_type_registry::prelude::alloc::vec![];
        ::sails_type_registry::TypeDecl::Named {
            name: "Unit".into(),
            generics,
            param: None,
        }
    }
    fn type_def(
        registry: &mut ::sails_type_registry::Registry,
    ) -> core::option::Option<::sails_type_registry::Type> {
        let mut type_builder = ::sails_type_registry::builder::TypeBuilder::new()
            .module_path(::core::module_path!())
            .name("Unit");
        core::option::Option::Some({
            let mut composite_builder = type_builder.composite();
            composite_builder.build()
        })
    }
}
