---
source: rs/macros/ethexe/tests/service_insta.rs
expression: result
---
impl SomeService {
    pub fn do_this(&mut self) -> u32 {
        42
    }
    pub fn this(&self) -> bool {
        true
    }
    fn notify_on(&mut self, event: SomeEvents) -> sails_rs::errors::Result<()> {
        #[cfg(not(target_arch = "wasm32"))]
        {
            let self_ptr = self as *const _ as usize;
            let mut map = SomeServiceExposure::<Self>::event_senders();
            if let Some(sender) = map.get_mut(&self_ptr) {
                sender.try_send(event).expect("Failed to send event");
            }
            Ok(())
        }
        #[cfg(target_arch = "wasm32")] sails_rs::gstd::events::__notify_on(event)
    }
}
pub struct SomeServiceExposure<T: sails_rs::gstd::services::Service> {
    message_id: sails_rs::MessageId,
    route: &'static [u8],
    #[cfg(not(target_arch = "wasm32"))]
    inner: Box<T>,
    #[cfg(not(target_arch = "wasm32"))]
    inner_ptr: *const T,
    #[cfg(target_arch = "wasm32")]
    inner: T,
    base: T::BaseExposures,
}
impl<T: sails_rs::gstd::services::Service> sails_rs::gstd::services::Exposure
for SomeServiceExposure<T> {
    fn message_id(&self) -> sails_rs::MessageId {
        self.message_id
    }
    fn route(&self) -> &'static [u8] {
        self.route
    }
}
#[cfg(not(target_arch = "wasm32"))]
impl<T: sails_rs::gstd::services::Service> Drop for SomeServiceExposure<T> {
    fn drop(&mut self) {
        let service_ptr = self.inner_ptr as usize;
        let mut map = SomeServiceExposure::<SomeService>::event_senders();
        map.remove(&service_ptr);
    }
}
impl SomeServiceExposure<SomeService> {
    pub fn do_this(&mut self) -> u32 {
        let exposure_scope = sails_rs::gstd::services::ExposureCallScope::new(self);
        self.inner.do_this()
    }
    pub fn this(&self) -> bool {
        let exposure_scope = sails_rs::gstd::services::ExposureCallScope::new(self);
        self.inner.this()
    }
    pub async fn try_handle(&mut self, input: &[u8]) -> Option<(Vec<u8>, u128)> {
        use sails_rs::gstd::InvocationIo;
        if let Ok(request) = some_service_meta::__DoThisParams::decode_params(input) {
            let result = self.do_this();
            let value = 0u128;
            let output = some_service_meta::__DoThisParams::encode_reply(&result);
            return Some((output, value));
        }
        if let Ok(request) = some_service_meta::__ThisParams::decode_params(input) {
            let result = self.this();
            let value = 0u128;
            let output = some_service_meta::__ThisParams::encode_reply(&result);
            return Some((output, value));
        }
        None
    }
    pub async fn try_handle_solidity(
        &mut self,
        method: &[u8],
        input: &[u8],
    ) -> Option<(Vec<u8>, u128)> {
        if method == &[24u8, 68u8, 111u8, 84u8, 104u8, 105u8, 115u8] {
            let (): () = sails_rs::alloy_sol_types::SolValue::abi_decode_params(
                    input,
                    false,
                )
                .expect("Failed to decode request");
            let result = self.do_this();
            let value = 0u128;
            return Some((
                sails_rs::alloy_sol_types::SolValue::abi_encode(&result),
                value,
            ));
        }
        if method == &[16u8, 84u8, 104u8, 105u8, 115u8] {
            let (): () = sails_rs::alloy_sol_types::SolValue::abi_decode_params(
                    input,
                    false,
                )
                .expect("Failed to decode request");
            let result = self.this();
            let value = 0u128;
            return Some((
                sails_rs::alloy_sol_types::SolValue::abi_encode(&result),
                value,
            ));
        }
        None
    }
    #[cfg(not(target_arch = "wasm32"))]
    #[cfg(not(target_arch = "wasm32"))]
    pub fn listen(&self) -> sails_rs::async_channel::Receiver<SomeEvents> {
        if core::mem::size_of_val(self.inner.as_ref()) == 0 {
            panic!(
                "setting event listener on a zero-sized service is not supported for now"
            );
        }
        let service_ptr = self.inner_ptr as usize;
        let (tx, rx) = sails_rs::async_channel::unbounded::<SomeEvents>();
        let mut map = Self::event_senders();
        map.insert(service_ptr, tx);
        rx
    }
    #[cfg(not(target_arch = "wasm32"))]
    fn event_senders() -> impl core::ops::DerefMut<
        Target = sails_rs::collections::BTreeMap<
            usize,
            sails_rs::async_channel::Sender<SomeEvents>,
        >,
    > {
        static MAP: sails_rs::spin::Mutex<
            sails_rs::collections::BTreeMap<
                usize,
                sails_rs::async_channel::Sender<SomeEvents>,
            >,
        > = sails_rs::spin::Mutex::new(sails_rs::collections::BTreeMap::new());
        MAP.lock()
    }
}
impl sails_rs::gstd::services::Service for SomeService {
    type Exposure = SomeServiceExposure<Self>;
    type BaseExposures = ();
    fn expose(
        self,
        message_id: sails_rs::MessageId,
        route: &'static [u8],
    ) -> Self::Exposure {
        #[cfg(not(target_arch = "wasm32"))]
        let inner_box = Box::new(self);
        #[cfg(not(target_arch = "wasm32"))]
        let inner = inner_box.as_ref();
        #[cfg(target_arch = "wasm32")]
        let inner = &self;
        Self::Exposure {
            message_id,
            route,
            base: (),
            #[cfg(not(target_arch = "wasm32"))]
            inner_ptr: inner_box.as_ref() as *const Self,
            #[cfg(not(target_arch = "wasm32"))]
            inner: inner_box,
            #[cfg(target_arch = "wasm32")]
            inner: self,
        }
    }
}
impl sails_rs::meta::ServiceMeta for SomeService {
    type CommandsMeta = some_service_meta::CommandsMeta;
    type QueriesMeta = some_service_meta::QueriesMeta;
    type EventsMeta = some_service_meta::EventsMeta;
    const BASE_SERVICES: &'static [sails_rs::meta::AnyServiceMetaFn] = &[];
}
mod some_service_meta {
    use super::*;
    use sails_rs::{Decode, TypeInfo};
    #[derive(Decode, TypeInfo)]
    #[codec(crate = sails_rs::scale_codec)]
    #[scale_info(crate = sails_rs::scale_info)]
    pub struct __DoThisParams {}
    impl sails_rs::gstd::InvocationIo for __DoThisParams {
        const ROUTE: &'static [u8] = &[24u8, 68u8, 111u8, 84u8, 104u8, 105u8, 115u8];
        type Params = Self;
    }
    #[derive(Decode, TypeInfo)]
    #[codec(crate = sails_rs::scale_codec)]
    #[scale_info(crate = sails_rs::scale_info)]
    pub struct __ThisParams {}
    impl sails_rs::gstd::InvocationIo for __ThisParams {
        const ROUTE: &'static [u8] = &[16u8, 84u8, 104u8, 105u8, 115u8];
        type Params = Self;
    }
    #[derive(TypeInfo)]
    #[scale_info(crate = sails_rs::scale_info)]
    pub enum CommandsMeta {
        DoThis(__DoThisParams, u32),
    }
    #[derive(TypeInfo)]
    #[scale_info(crate = sails_rs::scale_info)]
    pub enum QueriesMeta {
        This(__ThisParams, bool),
    }
    #[derive(TypeInfo)]
    #[scale_info(crate = sails_rs::scale_info)]
    pub enum NoEvents {}
    pub type EventsMeta = SomeEvents;
}
impl sails_rs::solidity::ServiceSignature for SomeService {
    const METHODS: &'static [sails_rs::solidity::MethodRoute] = &[
        (
            sails_rs::concatcp!(
                "do_this", << (u128,) as sails_rs::alloy_sol_types::SolValue > ::SolType
                as sails_rs::alloy_sol_types::SolType > ::SOL_NAME,
            ),
            &[24u8, 68u8, 111u8, 84u8, 104u8, 105u8, 115u8] as &[u8],
        ),
        (
            sails_rs::concatcp!(
                "this", << (u128,) as sails_rs::alloy_sol_types::SolValue > ::SolType as
                sails_rs::alloy_sol_types::SolType > ::SOL_NAME,
            ),
            &[16u8, 84u8, 104u8, 105u8, 115u8] as &[u8],
        ),
    ];
}
